// Jest Snapshot v1, https://goo.gl/fbAQLP

exports[`<PersonalizedIncentives /> should render the household anual savings 1`] = `
.c0 {
  width: 100%;
}

.c1 {
  background-color: #787BFF;
}

.c2 svg {
  margin: 0px 10px;
}

.c3 {
  font-style: normal;
  font-weight: 700;
  font-size: 32px;
  line-height: 40px;
  text-align: left;
  margin-bottom: 42px;
  color: #FAFAFA;
}

.c4 {
  display: -webkit-box;
  display: -webkit-flex;
  display: -ms-flexbox;
  display: flex;
  margin-bottom: 50px;
}

.c5 {
  width: 50%;
  display: -webkit-box;
  display: -webkit-flex;
  display: -ms-flexbox;
  display: flex;
  -webkit-box-pack: start;
  -webkit-justify-content: flex-start;
  -ms-flex-pack: start;
  justify-content: flex-start;
  -webkit-align-items: end;
  -webkit-box-align: end;
  -ms-flex-align: end;
  align-items: end;
  height: 30vh;
}

.c6 {
  display: -webkit-box;
  display: -webkit-flex;
  display: -ms-flexbox;
  display: flex;
  -webkit-flex-direction: column;
  -ms-flex-direction: column;
  flex-direction: column;
}

.c7 {
  display: -webkit-box;
  display: -webkit-flex;
  display: -ms-flexbox;
  display: flex;
}

.c8 {
  color: #FAFAFA;
}

.c12 {
  margin-top: 44px;
  color: #FAFAFA;
}

.c13 {
  font-size: 48px;
  line-height: 56px;
  font-weight: 700;
}

.c14 {
  font-size: 48px;
  line-height: 56px;
  font-weight: 700;
}

.c9 {
  font-style: normal;
  font-weight: 500;
  font-size: 24px;
  line-height: 24px;
  text-transform: uppercase;
  text-align: left;
  max-width: 100vw;
}

.c9 svg > path {
  fill: white;
}

.c9 svg > circle {
  stroke: white;
}

.c11 {
  font-size: 38px;
  font-weight: 700;
  line-height: 40px;
  -webkit-letter-spacing: 0em;
  -moz-letter-spacing: 0em;
  -ms-letter-spacing: 0em;
  letter-spacing: 0em;
  text-align: left;
}

.c16 {
  display: -webkit-box;
  display: -webkit-flex;
  display: -ms-flexbox;
  display: flex;
  margin-top: 40px;
}

.c17 {
  color: #FAFAFA !important;
  font-style: normal;
  font-weight: 500;
  font-size: 12px;
  line-height: 16px;
  text-align: left;
  margin-bottom: 30px;
}

.c18 {
  -webkit-text-decoration: none;
  text-decoration: none;
  color: white;
  font-size: 12px;
  margin: 12px 0px 9px 0px;
  font-weight: bold;
}

.c15 {
  border: 1px solid #FAFAFA;
}

.c10 {
  width: -webkit-max-content;
  width: -moz-max-content;
  width: max-content;
  display: contents;
}

@media (min-width:1024px) {
  .c0 {
    padding: 0px 32px;
  }
}

@media (min-width:1528px) {
  .c0 {
    padding: 40px 0px;
  }
}

@media (max-width:425px) {
  .c0 .hide-on-mobile {
    display: none;
  }
}

@media (min-width:320px) {
  .c1 {
    padding: 50px 24px;
  }
}

@media (min-width:480px) {
  .c1 {
    padding: 50px 32px;
  }
}

@media (min-width:768px) {
  .c1 {
    padding: 50px 40px;
  }
}

@media (min-width:1024px) {
  .c1 {
    padding: 40px 32px;
  }
}

@media (min-width:1528px) {
  .c2 {
    padding: 0px;
    width: 1400px;
    margin: 0px auto;
  }
}

@media (min-width:1024px) {
  .c3 {
    width: 30vw;
  }
}

@media (min-width:320px) {
  .c4 {
    -webkit-flex-direction: column-reverse;
    -ms-flex-direction: column-reverse;
    flex-direction: column-reverse;
  }
}

@media (min-width:1024px) {
  .c4 {
    -webkit-flex-direction: row;
    -ms-flex-direction: row;
    flex-direction: row;
  }
}

@media (max-width:425px) {
  .c5 {
    position: absolute;
    margin-top: 150px;
  }
}

@media (max-width:768px) {
  .c5 {
    height: auto;
  }
}

@media (min-width:1024px) {
  .c6 {
    width: 100%;
  }
}

@media (max-width:768px) {
  .c7 {
    -webkit-flex-direction: column;
    -ms-flex-direction: column;
    flex-direction: column;
  }
}

@media (min-width:1024px) {
  .c8 {
    margin-right: 50px;
  }
}

@media (min-width:320px) {
  .c8 {
    margin-top: 28px;
  }
}

@media (min-width:1024px) {
  .c14 {
    font-size: 136px;
    font-weight: 600;
    line-height: 136px;
  }
}

@media (max-width:1024px) {
  .c16 {
    -webkit-flex-direction: column;
    -ms-flex-direction: column;
    flex-direction: column;
  }
}

@media (min-width:1024px) {
  .c17 {
    padding-right: 59px;
    -webkit-flex: 0 0 50%;
    -ms-flex: 0 0 50%;
    flex: 0 0 50%;
  }
}

<div
  class="c0"
>
  <div
    class="c1"
  >
    <div
      class="c2"
    >
      <h1
        class="c3"
      >
        Your personalized incentives
      </h1>
      <div
        class="c4"
      >
        <div
          class="c5"
        >
          <div>
            mocked icon
          </div>
          <div>
            mocked icon
          </div>
          <div>
            mocked icon
          </div>
        </div>
        <div
          style="margin-bottom: 60px; flex: 0 0 50%;"
        >
          <div
            class="c6"
          >
            <div
              class="c7"
            >
              <div
                class="c8"
              >
                <h6
                  class="c9"
                >
                  Available
                </h6>
                <h6
                  class="c9"
                >
                  tax credits
                  <div
                    class="c10"
                    data-testid="tooltip"
                  >
                    <div>
                      mocked icon
                    </div>
                  </div>
                </h6>
                <h6
                  class="c11"
                  data-testid="household_tax_savings"
                >
                  $320
                </h6>
              </div>
              <div
                class="c8"
              >
                <h6
                  class="c9"
                >
                  Estimated energy
                </h6>
                <h6
                  class="c9"
                >
                  savings per year
                  <div
                    class="c10"
                    data-testid="tooltip"
                  >
                    <div>
                      mocked icon
                    </div>
                  </div>
                </h6>
                <h6
                  class="c11"
                  data-testid="household_annual_savings"
                >
                  $111
                </h6>
              </div>
            </div>
            <div
              class="c12"
            >
              <h1
                class="c13"
              >
                Total incentives
              </h1>
              <h1
                class="c14"
              >
                $111
              </h1>
            </div>
          </div>
        </div>
      </div>
      <div
        class="c15"
      />
      <div
        class="c16"
      >
        <p
          class="c17"
        >
          <p>
            These values are estimates. Tax credits can only be used to offset your federal taxes owed (our estimate may be inaccurate).
          </p>
          <p
            style="margin-top: 15px;"
          >
            Powered by the
             
            <a
              class="c18"
              href="https://www.rewiringamerica.org"
              target="_blank"
            >
              Rewiring America API
            </a>
             
            and subject to the API
             
            <a
              class="c18"
              href="https://content.rewiringamerica.org/api/terms.pdf"
              target="_blank"
            >
              Terms of Service.
            </a>
          </p>
        </p>
        <p
          class="c17 hide-on-mobile"
        >
          Your income is above the threshold for upfront discounts and/or EV tax credits, but your tax liability will likely qualify you for equipment tax credits. You do qualify for a performance-based efficiency rebate worth $4,000. However, we do not consider this an upfront discount. Check out this relevant case study!
        </p>
      </div>
    </div>
  </div>
</div>
`;

exports[`<PersonalizedIncentives /> should render the tax savings 1`] = `
.c0 {
  width: 100%;
}

.c1 {
  background-color: #787BFF;
}

.c2 svg {
  margin: 0px 10px;
}

.c3 {
  font-style: normal;
  font-weight: 700;
  font-size: 32px;
  line-height: 40px;
  text-align: left;
  margin-bottom: 42px;
  color: #FAFAFA;
}

.c4 {
  display: -webkit-box;
  display: -webkit-flex;
  display: -ms-flexbox;
  display: flex;
  margin-bottom: 50px;
}

.c5 {
  width: 50%;
  display: -webkit-box;
  display: -webkit-flex;
  display: -ms-flexbox;
  display: flex;
  -webkit-box-pack: start;
  -webkit-justify-content: flex-start;
  -ms-flex-pack: start;
  justify-content: flex-start;
  -webkit-align-items: end;
  -webkit-box-align: end;
  -ms-flex-align: end;
  align-items: end;
  height: 30vh;
}

.c6 {
  display: -webkit-box;
  display: -webkit-flex;
  display: -ms-flexbox;
  display: flex;
  -webkit-flex-direction: column;
  -ms-flex-direction: column;
  flex-direction: column;
}

.c7 {
  display: -webkit-box;
  display: -webkit-flex;
  display: -ms-flexbox;
  display: flex;
}

.c8 {
  color: #FAFAFA;
}

.c12 {
  margin-top: 44px;
  color: #FAFAFA;
}

.c13 {
  font-size: 48px;
  line-height: 56px;
  font-weight: 700;
}

.c14 {
  font-size: 48px;
  line-height: 56px;
  font-weight: 700;
}

.c9 {
  font-style: normal;
  font-weight: 500;
  font-size: 24px;
  line-height: 24px;
  text-transform: uppercase;
  text-align: left;
  max-width: 100vw;
}

.c9 svg > path {
  fill: white;
}

.c9 svg > circle {
  stroke: white;
}

.c11 {
  font-size: 38px;
  font-weight: 700;
  line-height: 40px;
  -webkit-letter-spacing: 0em;
  -moz-letter-spacing: 0em;
  -ms-letter-spacing: 0em;
  letter-spacing: 0em;
  text-align: left;
}

.c16 {
  display: -webkit-box;
  display: -webkit-flex;
  display: -ms-flexbox;
  display: flex;
  margin-top: 40px;
}

.c17 {
  color: #FAFAFA !important;
  font-style: normal;
  font-weight: 500;
  font-size: 12px;
  line-height: 16px;
  text-align: left;
  margin-bottom: 30px;
}

.c18 {
  -webkit-text-decoration: none;
  text-decoration: none;
  color: white;
  font-size: 12px;
  margin: 12px 0px 9px 0px;
  font-weight: bold;
}

.c15 {
  border: 1px solid #FAFAFA;
}

.c10 {
  width: -webkit-max-content;
  width: -moz-max-content;
  width: max-content;
  display: contents;
}

@media (min-width:1024px) {
  .c0 {
    padding: 0px 32px;
  }
}

@media (min-width:1528px) {
  .c0 {
    padding: 40px 0px;
  }
}

@media (max-width:425px) {
  .c0 .hide-on-mobile {
    display: none;
  }
}

@media (min-width:320px) {
  .c1 {
    padding: 50px 24px;
  }
}

@media (min-width:480px) {
  .c1 {
    padding: 50px 32px;
  }
}

@media (min-width:768px) {
  .c1 {
    padding: 50px 40px;
  }
}

@media (min-width:1024px) {
  .c1 {
    padding: 40px 32px;
  }
}

@media (min-width:1528px) {
  .c2 {
    padding: 0px;
    width: 1400px;
    margin: 0px auto;
  }
}

@media (min-width:1024px) {
  .c3 {
    width: 30vw;
  }
}

@media (min-width:320px) {
  .c4 {
    -webkit-flex-direction: column-reverse;
    -ms-flex-direction: column-reverse;
    flex-direction: column-reverse;
  }
}

@media (min-width:1024px) {
  .c4 {
    -webkit-flex-direction: row;
    -ms-flex-direction: row;
    flex-direction: row;
  }
}

@media (max-width:425px) {
  .c5 {
    position: absolute;
    margin-top: 150px;
  }
}

@media (max-width:768px) {
  .c5 {
    height: auto;
  }
}

@media (min-width:1024px) {
  .c6 {
    width: 100%;
  }
}

@media (max-width:768px) {
  .c7 {
    -webkit-flex-direction: column;
    -ms-flex-direction: column;
    flex-direction: column;
  }
}

@media (min-width:1024px) {
  .c8 {
    margin-right: 50px;
  }
}

@media (min-width:320px) {
  .c8 {
    margin-top: 28px;
  }
}

@media (min-width:1024px) {
  .c14 {
    font-size: 136px;
    font-weight: 600;
    line-height: 136px;
  }
}

@media (max-width:1024px) {
  .c16 {
    -webkit-flex-direction: column;
    -ms-flex-direction: column;
    flex-direction: column;
  }
}

@media (min-width:1024px) {
  .c17 {
    padding-right: 59px;
    -webkit-flex: 0 0 50%;
    -ms-flex: 0 0 50%;
    flex: 0 0 50%;
  }
}

<div
  class="c0"
>
  <div
    class="c1"
  >
    <div
      class="c2"
    >
      <h1
        class="c3"
      >
        Your personalized incentives
      </h1>
      <div
        class="c4"
      >
        <div
          class="c5"
        >
          <div>
            mocked icon
          </div>
          <div>
            mocked icon
          </div>
          <div>
            mocked icon
          </div>
        </div>
        <div
          style="margin-bottom: 60px; flex: 0 0 50%;"
        >
          <div
            class="c6"
          >
            <div
              class="c7"
            >
              <div
                class="c8"
              >
                <h6
                  class="c9"
                >
                  Available
                </h6>
                <h6
                  class="c9"
                >
                  tax credits
                  <div
                    class="c10"
                    data-testid="tooltip"
                  >
                    <div>
                      mocked icon
                    </div>
                  </div>
                </h6>
                <h6
                  class="c11"
                  data-testid="household_tax_savings"
                >
                  $320
                </h6>
              </div>
              <div
                class="c8"
              >
                <h6
                  class="c9"
                >
                  Estimated energy
                </h6>
                <h6
                  class="c9"
                >
                  savings per year
                  <div
                    class="c10"
                    data-testid="tooltip"
                  >
                    <div>
                      mocked icon
                    </div>
                  </div>
                </h6>
                <h6
                  class="c11"
                  data-testid="household_annual_savings"
                >
                  $111
                </h6>
              </div>
            </div>
            <div
              class="c12"
            >
              <h1
                class="c13"
              >
                Total incentives
              </h1>
              <h1
                class="c14"
              >
                $111
              </h1>
            </div>
          </div>
        </div>
      </div>
      <div
        class="c15"
      />
      <div
        class="c16"
      >
        <p
          class="c17"
        >
          <p>
            These values are estimates. Tax credits can only be used to offset your federal taxes owed (our estimate may be inaccurate).
          </p>
          <p
            style="margin-top: 15px;"
          >
            Powered by the
             
            <a
              class="c18"
              href="https://www.rewiringamerica.org"
              target="_blank"
            >
              Rewiring America API
            </a>
             
            and subject to the API
             
            <a
              class="c18"
              href="https://content.rewiringamerica.org/api/terms.pdf"
              target="_blank"
            >
              Terms of Service.
            </a>
          </p>
        </p>
        <p
          class="c17 hide-on-mobile"
        >
          Your income is above the threshold for upfront discounts and/or EV tax credits, but your tax liability will likely qualify you for equipment tax credits. You do qualify for a performance-based efficiency rebate worth $4,000. However, we do not consider this an upfront discount. Check out this relevant case study!
        </p>
      </div>
    </div>
  </div>
</div>
`;
